[SIM] Durak kalibrasyonu: 43/44 durak platform'a hizalandi
[SIM] Durak kalibrasyonu: 43/44 durak platform'a hizalandi
================================================================
A/B TEST SONUCU — Analitik Motor AÇIK vs KAPALI
================================================================
  Araç: 200 | seed: 42 | warm-up: 300s | ölçüm: 1800s | örnek: 180
  Başlangıç konumları özdeş mi (A==B): EVET
  Trafik özdeş mi (A==B): EVET
----------------------------------------------------------------
  Metrik                      KAPALI        AÇIK      İyileşme
----------------------------------------------------------------
  Headway CV (ort)            2.6236      2.4882         +5.2%
  Headway CV (p95)             3.207       3.159
  Bunching (ort)              89.272      76.789        +14.0%
  Mean headway (sn)            60.27       56.08
  Sefer kuyruk (sn)             75.1        29.6        +60.6%
  Sefer süresi (sn)           1071.4      1063.2         +0.8%
  Tamamlanan sefer                73          73
================================================================
  (İyileşme: pozitif = motor AÇIK daha iyi — metrik düştü)
================================================================
YAKLAŞMA KAYBI — müdahaleden kapı açılmaya kadar (durak ziyareti başına)
----------------------------------------------------------------
                              KAPALI        AÇIK
  A kuyruk ort (sn)             61.9        44.3
  A kuyruk olay                  437         402
  B yavaşla ort (sn)             0.0        20.4
  B yavaşla olay                   0        2507
================================================================
  (Motor AÇIK: kuyruk olayları B-yavaşlama olaylarına dönüşür;
   kuyruğa giren araç sayısı düşerken yolda yumuşak yavaşlama artar.)
================================================================
