[SIM] Durak kalibrasyonu: 43/44 durak platform'a hizalandi
[SIM] Durak kalibrasyonu: 43/44 durak platform'a hizalandi
================================================================
A/B TEST SONUCU — Analitik Motor AÇIK vs KAPALI
================================================================
  Araç: 200 | seed: 43 | warm-up: 300s | ölçüm: 1800s | örnek: 180
  Başlangıç konumları özdeş mi (A==B): EVET
  Trafik özdeş mi (A==B): EVET
----------------------------------------------------------------
  Metrik                      KAPALI        AÇIK      İyileşme
----------------------------------------------------------------
  Headway CV (ort)            2.6098      2.5697         +1.5%
  Headway CV (p95)             3.214       3.368
  Bunching (ort)              88.228      81.339         +7.8%
  Mean headway (sn)            60.99       58.18
  Sefer kuyruk (sn)             64.0        48.5        +24.2%
  Sefer süresi (sn)           1057.5      1063.3         -0.5%
  Tamamlanan sefer                72          71
================================================================
  (İyileşme: pozitif = motor AÇIK daha iyi — metrik düştü)
================================================================
YAKLAŞMA KAYBI — müdahaleden kapı açılmaya kadar (durak ziyareti başına)
----------------------------------------------------------------
                              KAPALI        AÇIK
  A kuyruk ort (sn)             57.9        56.0
  A kuyruk olay                  457         407
  B yavaşla ort (sn)             0.0        22.3
  B yavaşla olay                   0        2281
================================================================
  (Motor AÇIK: kuyruk olayları B-yavaşlama olaylarına dönüşür;
   kuyruğa giren araç sayısı düşerken yolda yumuşak yavaşlama artar.)
================================================================
